<html>
<body>
<pre>
<h1>µVision Build Log</h1>
<h2>Tool Versions:</h2>
IDE-Version: µVision V5.29.0.0
Copyright (C) 2019 ARM Ltd and ARM Germany GmbH. All rights reserved.
License Information: Arjun Krishna, manipal, LIC=----
 
Tool Versions:
Toolchain:       MDK-Lite  Version: 5.29.0.0
Toolchain Path:  C:\Keil_v5\ARM\ARMCC\Bin
C Compiler:      Armcc.exe V5.06 update 6 (build 750)
Assembler:       Armasm.exe V5.06 update 6 (build 750)
Linker/Locator:  ArmLink.exe V5.06 update 6 (build 750)
Library Manager: ArmAr.exe V5.06 update 6 (build 750)
Hex Converter:   FromElf.exe V5.06 update 6 (build 750)
CPU DLL:         SARM.DLL V5.29.0.0
Dialog DLL:      DARMP.DLL V1.53.0.0
Target DLL:      UL2ARM.DLL V1.74.10.0
Dialog DLL:      TARMP.DLL V1.53.0.0
 
<h2>Project:</h2>
D:\Projects\UART\uart.uvproj
Project File Date:  11/07/2022

<h2>Output:</h2>
*** Using Compiler 'V5.06 update 6 (build 750)', folder: 'C:\Keil_v5\ARM\ARMCC\Bin'
Rebuild target 'Target 1'
assembling Startup.s...
compiling uart.c...
uart.h(1): warning:  #1295-D: Deprecated declaration init_uart0 - give arg types
  void init_uart0(); //initialize uart
uart.h(3): warning:  #1-D: last line of file ends without a newline
  char receive_char_uart0(); //receive charater on UART0
uart.h(3): warning:  #1295-D: Deprecated declaration receive_char_uart0 - give arg types
  char receive_char_uart0(); //receive charater on UART0
uart.c: 3 warnings, 0 errors
compiling pll.c...
..\timer\pll.h(1): warning:  #1-D: last line of file ends without a newline
  void init_pll();
..\timer\pll.h(1): warning:  #1295-D: Deprecated declaration init_pll - give arg types
  void init_pll();
..\timer\pll.c(14): warning:  #1-D: last line of file ends without a newline
  }
..\timer\pll.c: 3 warnings, 0 errors
compiling main.c...
pll.h(1): warning:  #1-D: last line of file ends without a newline
  void init_pll();
pll.h(1): warning:  #1295-D: Deprecated declaration init_pll - give arg types
  void init_pll();
uart.h(1): warning:  #1295-D: Deprecated declaration init_uart0 - give arg types
  void init_uart0(); //initialize uart
uart.h(3): warning:  #1-D: last line of file ends without a newline
  char receive_char_uart0(); //receive charater on UART0
uart.h(3): warning:  #1295-D: Deprecated declaration receive_char_uart0 - give arg types
  char receive_char_uart0(); //receive charater on UART0
main.c(13): warning:  #111-D: statement is unreachable
  	return 0;
main.c(14): warning:  #1-D: last line of file ends without a newline
  }
main.c: 7 warnings, 0 errors
linking...
Program Size: Code=692 RO-data=16 RW-data=0 ZI-data=1256  
FromELF: creating hex file...
".\Objects\uart.axf" - 0 Error(s), 13 Warning(s).
Build Time Elapsed:  00:00:01
</pre>
</body>
</html>
